../Core/Src/main.c:49:5:main	16	static
../Core/Src/main.c:72:6:vGreenLedTask	16	static
../Core/Src/main.c:80:6:vRedLedTask	16	static
../Core/Src/main.c:88:6:vBlueLedTask	16	static
../Core/Src/main.c:96:6:vOrangeLedTask	16	static
../Core/Src/main.c:108:6:SystemClock_Config	88	static
../Core/Src/main.c:150:13:MX_USART2_UART_Init	8	static
../Core/Src/main.c:183:13:MX_GPIO_Init	40	static
../Core/Src/main.c:228:6:HAL_TIM_PeriodElapsedCallback	16	static
../Core/Src/main.c:245:6:Error_Handler	4	static,ignoring_inline_asm
