../Core/Src/main.c:53:5:main	16	static
../Core/Src/main.c:75:6:vGreenLedTask	16	static
../Core/Src/main.c:83:6:vRedLedTask	16	static
../Core/Src/main.c:91:6:vBlueLedTask	16	static
../Core/Src/main.c:99:5:__io_putchar	16	static
../Core/Src/main.c:108:6:SystemClock_Config	88	static
../Core/Src/main.c:150:13:MX_USART2_UART_Init	8	static
../Core/Src/main.c:183:13:MX_GPIO_Init	16	static
../Core/Src/main.c:215:6:HAL_TIM_PeriodElapsedCallback	16	static
../Core/Src/main.c:232:6:Error_Handler	4	static,ignoring_inline_asm
